// Jest Snapshot v1, https://goo.gl/fbAQLP

exports[`AlertMessage component renders correctly if show is true 1`] = `
<View
  style={
    Array [
      Object {
        "justifyContent": "center",
        "marginVertical": 25,
      },
      undefined,
    ]
  }
>
  <View
    style={
      Object {
        "alignItems": "center",
        "alignSelf": "center",
      }
    }
  >
    <Text
      accessible={true}
      allowFontScaling={false}
      ellipsizeMode="tail"
      style={
        Object {
          "color": "#CCCCCC",
          "fontFamily": "Avenir-Book",
          "fontSize": 17,
          "fontWeight": "bold",
          "marginHorizontal": 10,
          "marginTop": 10,
          "textAlign": "center",
        }
      }
    >
      HOWDY
    </Text>
  </View>
</View>
`;
