// Jest Snapshot v1, https://goo.gl/fbAQLP

exports[`Testing <Counter /> component renders as expected 1`] = `
<View
  style={
    Object {
      "alignItems": "flex-end",
    }
  }
>
  <View
    accessibilityComponentType={undefined}
    accessibilityLabel={undefined}
    accessibilityTraits={undefined}
    accessible={true}
    collapsable={undefined}
    hasTVPreferredFocus={undefined}
    hitSlop={undefined}
    isTVSelectable={true}
    nativeID={undefined}
    onLayout={undefined}
    onResponderGrant={[Function]}
    onResponderMove={[Function]}
    onResponderRelease={[Function]}
    onResponderTerminate={[Function]}
    onResponderTerminationRequest={[Function]}
    onStartShouldSetResponder={[Function]}
    style={
      Object {
        "alignItems": "center",
        "backgroundColor": "#E67D8F",
        "borderRadius": 300,
        "elevation": 5,
        "height": 50,
        "justifyContent": "center",
        "marginRight": 30,
        "opacity": 1,
        "width": 50,
      }
    }
    testID={undefined}
    tvParallaxProperties={undefined}
  >
    <Text
      accessible={true}
      allowFontScaling={false}
      ellipsizeMode="tail"
      style={
        Array [
          Object {
            "color": "white",
            "fontSize": 20,
          },
          undefined,
          Object {
            "fontFamily": "Feather",
            "fontStyle": "normal",
            "fontWeight": "normal",
          },
        ]
      }
    >
      î¦€
    </Text>
  </View>
</View>
`;
