// Jest Snapshot v1, https://goo.gl/fbAQLP

exports[`Testing <MessagingComponent /> component renders as expected 1`] = `
<View
  style={
    Object {
      "flex": 1,
      "padding": 20,
    }
  }
>
  <View
    accessibilityComponentType={undefined}
    accessibilityLabel={undefined}
    accessibilityTraits={undefined}
    accessible={false}
    hitSlop={undefined}
    nativeID={undefined}
    onLayout={undefined}
    onResponderGrant={[Function]}
    onResponderMove={[Function]}
    onResponderRelease={[Function]}
    onResponderTerminate={[Function]}
    onResponderTerminationRequest={[Function]}
    onStartShouldSetResponder={[Function]}
    style={
      Object {
        "marginBottom": 20,
        "position": "relative",
      }
    }
    testID={undefined}
  >
    <Text
      accessible={true}
      allowFontScaling={false}
      ellipsizeMode="tail"
      style={
        Array [
          Object {
            "color": "rgba(188,202,208, 0.5)",
            "fontSize": 18,
          },
          Object {
            "left": 15,
            "position": "absolute",
            "top": 16,
          },
          Object {
            "fontFamily": "Feather",
            "fontStyle": "normal",
            "fontWeight": "normal",
          },
        ]
      }
    >
      î¦®
    </Text>
    <TextInput
      allowFontScaling={true}
      placeholder="Search..."
      placeholderTextColor="#bccad0"
      style={
        Object {
          "backgroundColor": "rgba(188,202,208, 0.1)",
          "borderRadius": 5,
          "color": "#aab8be",
          "fontSize": 13,
          "height": 30,
          "marginBottom": 10,
          "marginTop": 10,
          "paddingBottom": 0,
          "paddingLeft": 40,
          "paddingTop": 0,
        }
      }
      underlineColorAndroid="transparent"
    />
  </View>
  <RCTScrollView
    showsVerticalScrollIndicator={false}
  >
    <View />
  </RCTScrollView>
</View>
`;
