// Jest Snapshot v1, https://goo.gl/fbAQLP

exports[`Testing <SignUp /> component renders as expected 1`] = `
<View
  accessibilityComponentType={undefined}
  accessibilityLabel={undefined}
  accessibilityTraits={undefined}
  accessible={false}
  hitSlop={undefined}
  nativeID={undefined}
  onLayout={undefined}
  onResponderGrant={[Function]}
  onResponderMove={[Function]}
  onResponderRelease={[Function]}
  onResponderTerminate={[Function]}
  onResponderTerminationRequest={[Function]}
  onStartShouldSetResponder={[Function]}
  style={
    Object {
      "alignItems": "center",
      "backgroundColor": "#f3f3f3",
      "flex": 1,
      "justifyContent": "center",
    }
  }
  testID={undefined}
>
  <View
    style={
      Object {
        "alignItems": "center",
        "flexDirection": "column",
        "justifyContent": "center",
      }
    }
  >
    <View
      style={
        Object {
          "alignItems": "center",
          "justifyContent": "center",
        }
      }
    >
      <Text
        accessible={true}
        allowFontScaling={false}
        ellipsizeMode="tail"
        style={
          Array [
            Object {
              "color": "#bccad0",
              "fontSize": 63,
            },
            undefined,
            Object {
              "fontFamily": "Feather",
              "fontStyle": "normal",
              "fontWeight": "normal",
            },
          ]
        }
      >
        î¤€
      </Text>
      <Text
        accessible={true}
        allowFontScaling={true}
        ellipsizeMode="tail"
        style={
          Object {
            "color": "#bccad0",
            "fontSize": 17,
            "marginTop": 10,
            "textAlign": "center",
          }
        }
      >
        Sign up for an account.
      </Text>
    </View>
    <View
      style={
        Object {
          "alignItems": "center",
          "flexDirection": "column",
          "justifyContent": "center",
          "marginBottom": 10,
          "marginTop": 10,
        }
      }
    >
      <View
        style={
          Object {
            "position": "relative",
          }
        }
      >
        <TextInput
          allowFontScaling={true}
          name="name"
          onBlur={[Function]}
          onChangeText={[Function]}
          onDragStart={[Function]}
          onDrop={[Function]}
          onFocus={[Function]}
          password={undefined}
          placeholder="Name"
          placeholderTextColor="#bccad0"
          secureTextEntry={undefined}
          style={
            Object {
              "backgroundColor": "rgba(188,202,208, 0.15)",
              "borderRadius": 5,
              "color": "#aab8be",
              "fontSize": 15,
              "height": 40,
              "marginTop": 10,
              "paddingLeft": 15,
              "width": 280,
            }
          }
          underlineColorAndroid="transparent"
          value=""
        />
      </View>
      <View
        style={
          Object {
            "position": "relative",
          }
        }
      >
        <TextInput
          allowFontScaling={true}
          name="email"
          onBlur={[Function]}
          onChangeText={[Function]}
          onDragStart={[Function]}
          onDrop={[Function]}
          onFocus={[Function]}
          password={undefined}
          placeholder="Email"
          placeholderTextColor="#bccad0"
          secureTextEntry={undefined}
          style={
            Object {
              "backgroundColor": "rgba(188,202,208, 0.15)",
              "borderRadius": 5,
              "color": "#aab8be",
              "fontSize": 15,
              "height": 40,
              "marginTop": 10,
              "paddingLeft": 15,
              "width": 280,
            }
          }
          underlineColorAndroid="transparent"
          value=""
        />
      </View>
      <View
        style={
          Object {
            "position": "relative",
          }
        }
      >
        <TextInput
          allowFontScaling={true}
          name="type"
          onBlur={[Function]}
          onChangeText={[Function]}
          onDragStart={[Function]}
          onDrop={[Function]}
          onFocus={[Function]}
          password={undefined}
          placeholder="Patient or Doctor?"
          placeholderTextColor="#bccad0"
          secureTextEntry={undefined}
          style={
            Object {
              "backgroundColor": "rgba(188,202,208, 0.15)",
              "borderRadius": 5,
              "color": "#aab8be",
              "fontSize": 15,
              "height": 40,
              "marginTop": 10,
              "paddingLeft": 15,
              "width": 280,
            }
          }
          underlineColorAndroid="transparent"
          value=""
        />
      </View>
      <View
        style={
          Object {
            "position": "relative",
          }
        }
      >
        <TextInput
          allowFontScaling={true}
          name="password"
          onBlur={[Function]}
          onChangeText={[Function]}
          onDragStart={[Function]}
          onDrop={[Function]}
          onFocus={[Function]}
          password={true}
          placeholder="Password"
          placeholderTextColor="#bccad0"
          secureTextEntry={true}
          style={
            Object {
              "backgroundColor": "rgba(188,202,208, 0.15)",
              "borderRadius": 5,
              "color": "#aab8be",
              "fontSize": 15,
              "height": 40,
              "marginTop": 10,
              "paddingLeft": 15,
              "width": 280,
            }
          }
          underlineColorAndroid="transparent"
          value=""
        />
      </View>
      <View
        style={
          Object {
            "position": "relative",
          }
        }
      >
        <TextInput
          allowFontScaling={true}
          name="confirmPassword"
          onBlur={[Function]}
          onChangeText={[Function]}
          onDragStart={[Function]}
          onDrop={[Function]}
          onFocus={[Function]}
          password={true}
          placeholder="Confirm password"
          placeholderTextColor="#bccad0"
          secureTextEntry={true}
          style={
            Object {
              "backgroundColor": "rgba(188,202,208, 0.15)",
              "borderRadius": 5,
              "color": "#aab8be",
              "fontSize": 15,
              "height": 40,
              "marginTop": 10,
              "paddingLeft": 15,
              "width": 280,
            }
          }
          underlineColorAndroid="transparent"
          value=""
        />
      </View>
    </View>
    <View
      style={
        Object {
          "alignItems": "center",
          "flexDirection": "column",
          "marginTop": 10,
        }
      }
    >
      <View
        accessibilityComponentType={undefined}
        accessibilityLabel={undefined}
        accessibilityTraits={undefined}
        accessible={true}
        collapsable={undefined}
        hasTVPreferredFocus={undefined}
        hitSlop={undefined}
        isTVSelectable={true}
        nativeID={undefined}
        onLayout={undefined}
        onResponderGrant={[Function]}
        onResponderMove={[Function]}
        onResponderRelease={[Function]}
        onResponderTerminate={[Function]}
        onResponderTerminationRequest={[Function]}
        onStartShouldSetResponder={[Function]}
        style={
          Object {
            "alignSelf": "stretch",
            "backgroundColor": "#E67D8F",
            "borderRadius": 5,
            "elevation": 2,
            "height": 50,
            "marginBottom": 20,
            "opacity": 1,
            "padding": 12,
            "width": 280,
          }
        }
        testID={undefined}
        tvParallaxProperties={undefined}
      >
        <Text
          accessible={true}
          allowFontScaling={true}
          ellipsizeMode="tail"
          style={
            Object {
              "color": "white",
              "fontSize": 18,
              "fontWeight": "bold",
              "letterSpacing": 2,
              "textAlign": "center",
            }
          }
        >
          S I G N  U P
        </Text>
      </View>
    </View>
  </View>
</View>
`;
