// Jest Snapshot v1, https://goo.gl/fbAQLP

exports[`Testing <SimplePage /> component renders as expected 1`] = `
<View
  style={
    Object {
      "alignItems": "stretch",
      "backgroundColor": "#fafafa",
      "flex": 1,
    }
  }
/>
`;
