// Jest Snapshot v1, https://goo.gl/fbAQLP

exports[`Testing <UserInfo /> component renders as expected 1`] = `
<View
  style={
    Object {
      "alignSelf": "stretch",
      "backgroundColor": "white",
      "flex": 1,
      "flexDirection": "column",
    }
  }
/>
`;
